


ARM Macro Assembler    Page 1 


    1 00000000                 AREA             RESET,DATA,READONLY
    2 00000000                 EXPORT           __Vectors
    3 00000000         __Vectors
    4 00000000 10001000        DCD              0X10001000
    5 00000004 00000000        DCD              Reset_Handler
    6 00000008                 ALIGN
    7 00000008                 AREA             mycode,CODE,READONLY
    8 00000000         ENTRY
    9 00000000                 EXPORT           Reset_Handler
   10 00000000         Reset_Handler
   11 00000000         
   12 00000000 480C            LDR              R0,=HEXA
   13 00000002 6800            LDR              R0,[R0]
   14 00000004         
   15 00000004 2800    UPP     CMP              R0,#0
   16 00000006 D00F            BEQ              EXIT
   17 00000008         
   18 00000008 F04F 0100       MOV              R1,#0
   19 0000000C         
   20 0000000C 280A    UP      CMP              R0,#0XA
   21 0000000E D304            BLO              DOWN
   22 00000010 F1A0 000A       SUB              R0,#0XA
   23 00000014 F101 0101       ADD              R1,#1
   24 00000018 E7F8            B                UP
   25 0000001A         
   26 0000001A         DOWN
   27 0000001A FA00 F002       LSL              R0,R2
   28 0000001E 4403            ADD              R3,R0
   29 00000020 F102 0204       ADD              R2,#4
   30 00000024 4608            MOV              R0,R1
   31 00000026 E7ED            B                UPP
   32 00000028         
   33 00000028         EXIT
   34 00000028 4C03            LDR              R4,=BCD
   35 0000002A 6023            STR              R3,[R4]
   36 0000002C         
   37 0000002C         STOP
   38 0000002C E7FE            B                STOP
   39 0000002E         
   40 0000002E 00 00 000000FF 
                       HEXA    DCD              0XFF
   41 00000034         
   42 00000034 00000000 
              00000000         AREA             mydata,DATA,READWRITE
   43 00000000         
   44 00000000 00000000 
                       BCD     DCD              0
   45 00000004         
   46 00000004                 END
Command Line: --debug --xref --cpu=Cortex-M3 --apcs=interwork --depend=HEX2BCD.
d -oHEX2BCD.o -IC:\Keil\ARM\RV31\INC -IC:\Keil\ARM\CMSIS\Include -IC:\Keil\ARM\
Inc\NXP\LPC17xx --predefine="__EVAL SETA 1" --list=HEX2BCD.lst HEX2BCD.s



ARM Macro Assembler    Page 1 Alphabetic symbol ordering
Relocatable symbols

RESET 00000000

Symbol: RESET
   Definitions
      At line 1 in file HEX2BCD.s
   Uses
      None
Comment: RESET unused
__Vectors 00000000

Symbol: __Vectors
   Definitions
      At line 3 in file HEX2BCD.s
   Uses
      At line 2 in file HEX2BCD.s
Comment: __Vectors used once
2 symbols



ARM Macro Assembler    Page 1 Alphabetic symbol ordering
Relocatable symbols

DOWN 0000001A

Symbol: DOWN
   Definitions
      At line 26 in file HEX2BCD.s
   Uses
      At line 21 in file HEX2BCD.s
Comment: DOWN used once
ENTRY 00000000

Symbol: ENTRY
   Definitions
      At line 8 in file HEX2BCD.s
   Uses
      None
Comment: ENTRY unused
EXIT 00000028

Symbol: EXIT
   Definitions
      At line 33 in file HEX2BCD.s
   Uses
      At line 16 in file HEX2BCD.s
Comment: EXIT used once
HEXA 00000030

Symbol: HEXA
   Definitions
      At line 40 in file HEX2BCD.s
   Uses
      At line 12 in file HEX2BCD.s
Comment: HEXA used once
Reset_Handler 00000000

Symbol: Reset_Handler
   Definitions
      At line 10 in file HEX2BCD.s
   Uses
      At line 5 in file HEX2BCD.s
      At line 9 in file HEX2BCD.s

STOP 0000002C

Symbol: STOP
   Definitions
      At line 37 in file HEX2BCD.s
   Uses
      At line 38 in file HEX2BCD.s
Comment: STOP used once
UP 0000000C

Symbol: UP
   Definitions
      At line 20 in file HEX2BCD.s
   Uses
      At line 24 in file HEX2BCD.s
Comment: UP used once
UPP 00000004




ARM Macro Assembler    Page 2 Alphabetic symbol ordering
Relocatable symbols

Symbol: UPP
   Definitions
      At line 15 in file HEX2BCD.s
   Uses
      At line 31 in file HEX2BCD.s
Comment: UPP used once
mycode 00000000

Symbol: mycode
   Definitions
      At line 7 in file HEX2BCD.s
   Uses
      None
Comment: mycode unused
9 symbols



ARM Macro Assembler    Page 1 Alphabetic symbol ordering
Relocatable symbols

BCD 00000000

Symbol: BCD
   Definitions
      At line 44 in file HEX2BCD.s
   Uses
      At line 34 in file HEX2BCD.s
Comment: BCD used once
mydata 00000000

Symbol: mydata
   Definitions
      At line 42 in file HEX2BCD.s
   Uses
      None
Comment: mydata unused
2 symbols
346 symbols in table
