


ARM Macro Assembler    Page 1 


    1 00000000                 AREA             RESET, DATA, READONLY
    2 00000000                 EXPORT           __Vectors
    3 00000000         
    4 00000000         __Vectors
    5 00000000 10000000        DCD              0x10000000
    6 00000004 00000000        DCD              Reset_Handler
    7 00000008                 ALIGN
    8 00000008                 AREA             mycode, CODE, READONLY
    9 00000000         ENTRY
   10 00000000                 EXPORT           Reset_Handler
   11 00000000         
   12 00000000         Reset_Handler
   13 00000000 4808            LDR              R0,= SRC
   14 00000002 4909            LDR              R1,= DST
   15 00000004 F850 2B04       LDR              R2, [R0], #4
   16 00000008 6803            LDR              R3, [R0]
   17 0000000A         
   18 0000000A 4614            MOV              R4, R2
   19 0000000C 461D            MOV              R5, R3
   20 0000000E         
   21 0000000E 42AC    while   CMP              R4, R5
   22 00000010 BF88 441D       ADDHI            R5, R3
   23 00000014 BF38 4414       ADDLO            R4, R2
   24 00000018 D1F9            BNE              while
   25 0000001A         
   26 0000001A 600C            STR              R4, [R1]
   27 0000001C         
   28 0000001C 00000007 
              00000003 SRC     DCD              0x7, 0x3
   29 00000024 00000000 
              00000000         AREA             DATASEG, DATA, READWRITE
   30 00000000 00000000 
                       DST     DCD              0
   31 00000004                 END
Command Line: --debug --xref --cpu=Cortex-M3 --apcs=interwork --depend=Q4.d -oQ
4.o -IC:\Keil\ARM\RV31\INC -IC:\Keil\ARM\CMSIS\Include -IC:\Keil\ARM\Inc\NXP\LP
C17xx --predefine="__EVAL SETA 1" --list=Q4.lst Q4.s



ARM Macro Assembler    Page 1 Alphabetic symbol ordering
Relocatable symbols

RESET 00000000

Symbol: RESET
   Definitions
      At line 1 in file Q4.s
   Uses
      None
Comment: RESET unused
__Vectors 00000000

Symbol: __Vectors
   Definitions
      At line 4 in file Q4.s
   Uses
      At line 2 in file Q4.s
Comment: __Vectors used once
2 symbols



ARM Macro Assembler    Page 1 Alphabetic symbol ordering
Relocatable symbols

ENTRY 00000000

Symbol: ENTRY
   Definitions
      At line 9 in file Q4.s
   Uses
      None
Comment: ENTRY unused
Reset_Handler 00000000

Symbol: Reset_Handler
   Definitions
      At line 12 in file Q4.s
   Uses
      At line 6 in file Q4.s
      At line 10 in file Q4.s

SRC 0000001C

Symbol: SRC
   Definitions
      At line 28 in file Q4.s
   Uses
      At line 13 in file Q4.s
Comment: SRC used once
mycode 00000000

Symbol: mycode
   Definitions
      At line 8 in file Q4.s
   Uses
      None
Comment: mycode unused
while 0000000E

Symbol: while
   Definitions
      At line 21 in file Q4.s
   Uses
      At line 24 in file Q4.s
Comment: while used once
5 symbols



ARM Macro Assembler    Page 1 Alphabetic symbol ordering
Relocatable symbols

DATASEG 00000000

Symbol: DATASEG
   Definitions
      At line 29 in file Q4.s
   Uses
      None
Comment: DATASEG unused
DST 00000000

Symbol: DST
   Definitions
      At line 30 in file Q4.s
   Uses
      At line 14 in file Q4.s
Comment: DST used once
2 symbols
342 symbols in table
